// Jest Snapshot v1, https://goo.gl/fbAQLP

exports[`should render a valid component wrapped by a ReleasyConsumer 1`] = `
WithReleasy {
  "context": Object {},
  "props": Object {},
  "refs": Object {},
  "state": Object {},
  "updater": Updater {
    "_callbacks": Array [],
    "_renderer": ReactShallowRenderer {
      "_context": Object {},
      "_element": <WithReleasy />,
      "_forcedUpdate": false,
      "_instance": [Circular],
      "_newState": null,
      "_rendered": <ReleasyConsumer>
        <DumbComponent />
      </ReleasyConsumer>,
      "_rendering": false,
      "_updater": [Circular],
    },
  },
}
`;
